  1:  8 - 1993-07-03 fpetest1.awk
  2:  8 - 1993-07-03 fpetest2.awk
  3:  8 - 1993-07-03 fpetest3.awk
  4:  8 - 2009-07-26 null-rs.awk
  5:  8 - 1993-07-03 reg0.awk
  6:  8 - 1993-07-03 reg1.awk
  7:  8 - 1993-07-03 reg2.awk
  8:  8 - 2009-09-17 reg4.awk
  9:  8 - 2009-09-16 reg5.awk
 10:  8 - 1993-07-03 wc.awk
 11:  8 - 1993-07-03 wfrq0.awk
  1:  8 - 1993-07-03 fpetest1.awk
  2:  8 - 1993-07-03 fpetest2.awk
  3:  8 - 1993-07-03 fpetest3.awk
  4:  8 - 2009-07-26 null-rs.awk
  5:  8 - 1993-07-03 reg0.awk
  6:  8 - 1993-07-03 reg1.awk
  7:  8 - 1993-07-03 reg2.awk
  8:  8 - 2009-09-17 reg4.awk
  9:  8 - 2009-09-16 reg5.awk
 10:  8 - 1993-07-03 wc.awk
 11:  8 - 1993-07-03 wfrq0.awk
